// Jest Snapshot v1, https://goo.gl/fbAQLP

exports[`#Registration when mounting shows valid content 1`] = `
<form
  aria-label="registration-form"
  class="column center full-width formContainer"
  novalidate=""
>
  <div
    class="column center m-bottom-3"
  >
    <h1
      class="m-bottom-1"
    >
      registration
    </h1>
    <h2>
      registrationExplanation
    </h2>
  </div>
  <div
    class="row space-between sectionContainer"
  >
    <div
      class="column start inputContainer item-1 m-right-2"
    >
      <label
        class=" m-bottom-1"
        for="firstName"
      >
        firstName
      </label>
      <input
        class="input input "
        id="firstName"
        name="firstName"
        placeholder="firstNamePlaceholder"
        type="text"
      />
      <span
        aria-hidden="true"
        class=" errorText "
        id="firstName-error"
        role="alert"
      />
    </div>
    <div
      class="column start inputContainer item-1"
    >
      <label
        class=" m-bottom-1"
        for="lastName"
      >
        lastName
      </label>
      <input
        class="input input "
        id="lastName"
        name="lastName"
        placeholder="lastNamePlaceholder"
        type="text"
      />
      <span
        aria-hidden="true"
        class=" errorText "
        id="lastName-error"
        role="alert"
      />
    </div>
  </div>
  <div
    class="row sectionContainer"
  >
    <div
      class="column start inputContainer item-1"
    >
      <label
        class=" m-bottom-1"
        for="email"
      >
        email
      </label>
      <input
        class="input input "
        id="email"
        name="email"
        placeholder="emailPlaceholder"
        type="email"
      />
      <span
        aria-hidden="true"
        class=" errorText "
        id="email-error"
        role="alert"
      />
    </div>
  </div>
  <div
    class="row space-between sectionContainer"
  >
    <div
      class="column start inputContainer item-1 m-right-2"
    >
      <label
        class=" m-bottom-1"
        for="password"
      >
        password
      </label>
      <input
        class="input input "
        id="password"
        name="password"
        placeholder="passwordPlaceholder"
        type="password"
      />
      <span
        aria-hidden="true"
        class=" errorText "
        id="password-error"
        role="alert"
      />
    </div>
    <div
      class="column start inputContainer item-1"
    >
      <label
        class=" m-bottom-1"
        for="confirmPassword"
      >
        confirmPassword
      </label>
      <input
        class="input input "
        id="confirmPassword"
        name="confirmPassword"
        placeholder="confirmPasswordPlaceholder"
        type="password"
      />
      <span
        aria-hidden="true"
        class=" errorText "
        id="confirmPassword-error"
        role="alert"
      />
    </div>
  </div>
  <div
    class="column center sectionContainer"
  >
    <button
      class="full-width m-bottom-1 button"
      type="submit"
    >
      submit
    </button>
    <a
      href="/login"
    >
      returnToLogin
    </a>
  </div>
</form>
`;
